Running:
src/main.py --output_dir experiments --comment classification selfRegulation --name selfRegulation --records_file Classification_records.xls --data_dir src/datasets/classification/self_regulation_scp2/ --data_class tsra --pattern TRAIN --val_pattern TEST --epochs 400 --lr 0.001 --optimizer RAdam --pos_encoding learnable --task classification --key_metric accuracy

Using device: cpu
Loading and preprocessing data ...
200 samples may be used for training
180 samples will be used for validation
0 samples will be used for testing
Creating model ...
Model:
TSTransformerEncoderClassiregressor(
  (project_inp): Linear(in_features=7, out_features=64, bias=True)
  (pos_enc): LearnablePositionalEncoding(
    (dropout): Dropout(p=0.1, inplace=False)
  )
  (transformer_encoder): TransformerEncoder(
    (layers): ModuleList(
      (0-2): 3 x TransformerBatchNormEncoderLayer(
        (self_attn): MultiheadAttention(
          (out_proj): NonDynamicallyQuantizableLinear(in_features=64, out_features=64, bias=True)
        )
        (linear1): Linear(in_features=64, out_features=256, bias=True)
        (dropout): Dropout(p=0.1, inplace=False)
        (linear2): Linear(in_features=256, out_features=64, bias=True)
        (norm1): BatchNorm1d(64, eps=1e-05, momentum=0.1, affine=True, track_running_stats=True)
        (norm2): BatchNorm1d(64, eps=1e-05, momentum=0.1, affine=True, track_running_stats=True)
        (dropout1): Dropout(p=0.1, inplace=False)
        (dropout2): Dropout(p=0.1, inplace=False)
      )
    )
  )
  (dropout1): Dropout(p=0.1, inplace=False)
  (output_layer): Linear(in_features=73728, out_features=2, bias=True)
)
Total number of parameters: 371650
Trainable parameters: 371650
Evaluating on validation set ...
Validation runtime: 0.0 hours, 0.0 minutes, 13.59409785270691 seconds

Avg val. time: 0.0 hours, 0.0 minutes, 13.59409785270691 seconds
Avg batch val. time: 4.531365950902303 seconds
Avg sample val. time: 0.07552276584837171 seconds
Epoch 0 Validation Summary: epoch: 0.000000 | loss: 2.403972 | accuracy: 0.488889 | precision: 0.488183 | AUROC: 0.454444 | AUPRC: 0.473663 | 
